Microchip MPLAB XC8 Compiler V1.45 ()

Linker command line:

--edf=C:\Program Files (x86)\Microchip\xc8\v1.45\dat\en_msgs.txt -cs \
  -h+dist/default/production\Gallo_Drone_del_Nido.X.production.sym \
  --cmf=dist/default/production\Gallo_Drone_del_Nido.X.production.cmf -z \
  -Q18F4580 -oC:\Users\luigi\AppData\Local\Temp\s6qo.2 \
  -Mdist/default/production/Gallo_Drone_del_Nido.X.production.map -E1 \
  -ver=XC8 -ASTACK=08Eh-05ffh -pstack=STACK -ACODE=00h-07FFFh \
  -ACONST=00h-07FFFh -ASMALLCONST=0600h-06FFhx122 \
  -AMEDIUMCONST=0600h-07FFFh -ACOMRAM=01h-05Fh -AABS1=00h-05FFh \
  -ABIGRAM=01h-05FFh -ARAM=060h-0FFh,0100h-01FFhx5 -ABANK0=060h-0FFh \
  -ABANK1=0100h-01FFh -ABANK2=0200h-02FFh -ABANK3=0300h-03FFh \
  -ABANK4=0400h-04FFh -ABANK5=0500h-05FFh \
  -ASFR=0D00h-0DFFhx2,0F00h-0F5Fh,0F60h-0FFFh \
  -preset_vec=00h,intcode=08h,intcodelo=018h,powerup,init -pramtop=0600h \
  -psmallconst=SMALLCONST -pmediumconst=MEDIUMCONST -pconst=CONST \
  -AFARRAM=00h-00h -ACONFIG=0300000h-030000Dh -pconfig=CONFIG \
  -AIDLOC=0200000h-0200007h -pidloc=IDLOC -AEEDATA=0F00000h-0F000FFh \
  -peeprom_data=EEDATA \
  -prdata=COMRAM,nvrram=COMRAM,nvbit=COMRAM,rbss=COMRAM,rbit=COMRAM \
  -pfarbss=FARRAM,fardata=FARRAM,nvFARRAM=FARRAM \
  -pintsave_regs=BIGRAM,bigbss=BIGRAM,bigdata=BIGRAM -pbss=RAM \
  -pidata=CODE,irdata=CODE,ibigdata=CODE,ifardata=CODE -prparam=COMRAM \
  C:\Users\luigi\AppData\Local\Temp\s6qo.obj \
  dist/default/production\Gallo_Drone_del_Nido.X.production.obj 

Object code version is 3.11

Machine type is 18F4580

Call graph: (short form)




                Name                               Link     Load   Length Selector   Space Scale
C:\Users\luigi\AppData\Local\Temp\s6qo.obj
                init                                196      196        4        C       0
                reset_vec                             0        0        4        0       0
                idloc                            200000   200000        8   200000       0
                config                           300000   300000        E   300000       0
dist/default/production\Gallo_Drone_del_Nido.X.production.obj
                intcodelo                            18       18      17E        C       0
                intcode                               8        8        6        4       0
                temp                                 47       47        1        1       1
                intcode_body                        314      314       AA        C       0
                text8                               19A      19A       CC        C       0
                text7                               266      266       AE        C       0
                text6                               4DA      4DA       78        C       0
                text5                               456      456       84        C       0
                text4                               5C4      5C4       70        C       0
                text3                               552      552       72        C       0
                text2                               3BE      3BE       98        C       0
                text0                               634      634       6A        C       0
                cstackCOMRAM                          1        1       2A        1       1
                cstackBANK0                          60       60       17       60       1
                dataBANK0                            77       77       14       60       1
                bssCOMRAM                            2B       2B       1C        1       1
                cinit                               69E      69E       3A        C       0
                nvBANK0                              8B       8B        3       60       1
                idataBANK0                          6D8      6D8       14        C       0

TOTAL           Name                               Link     Load   Length     Space
        CLASS   STACK          

        CLASS   CODE           
                intcodelo                            18       18      17E         0
                intcode                               8        8        6         0
                init                                196      196        4         0
                reset_vec                             0        0        4         0
                intcode_body                        314      314       AA         0
                text8                               19A      19A       CC         0
                text7                               266      266       AE         0
                text6                               4DA      4DA       78         0
                text5                               456      456       84         0
                text4                               5C4      5C4       70         0
                text3                               552      552       72         0
                text2                               3BE      3BE       98         0
                text0                               634      634       6A         0
                cinit                               69E      69E       3A         0
                idataBANK0                          6D8      6D8       14         0

        CLASS   CONST          

        CLASS   SMALLCONST     

        CLASS   MEDIUMCONST    

        CLASS   COMRAM         
                temp                                 47       47        1         1
                cstackCOMRAM                          1        1       2A         1
                bssCOMRAM                            2B       2B       1C         1

        CLASS   ABS1           

        CLASS   BIGRAM         

        CLASS   RAM            

        CLASS   BANK0          
                cstackBANK0                          60       60       17         1
                dataBANK0                            77       77       14         1
                nvBANK0                              8B       8B        3         1

        CLASS   BANK1          

        CLASS   BANK2          

        CLASS   BANK3          

        CLASS   BANK4          

        CLASS   BANK5          

        CLASS   SFR            

        CLASS   FARRAM         

        CLASS   CONFIG         
                config                           300000   300000        E         0

        CLASS   IDLOC          
                idloc                            200000   200000        8         0

        CLASS   EEDATA         



SEGMENTS        Name                           Load    Length   Top    Selector   Space  Class

                reset_vec                      000000  000004  000004         0       0  CODE    
                cstackCOMRAM                   000001  000047  000048         1       1  COMRAM  
                intcode                        000008  000006  00000E         4       0  CODE    
                intcodelo                      000018  0006D4  0006EC         C       0  CODE    
                cstackBANK0                    000060  00002E  00008E        60       1  BANK0   
                idloc                          200000  000008  200008    200000       0  IDLOC   
                config                         300000  00000E  30000E    300000       0  CONFIG  


UNUSED ADDRESS RANGES

        Name                Unused          Largest block    Delta
        BANK0            00008E-0000FF               72
        BANK1            000100-0001FF              100
        BANK2            000200-0002FF              100
        BANK3            000300-0003FF              100
        BANK4            000400-0004FF              100
        BANK5            000500-0005FF              100
        BIGRAM           000048-00005F               18
                         00008E-0005FF              572
        CODE             000004-000007                4
                         00000E-000017                A
                         0006EC-007FFF             7914
        COMRAM           000048-00005F               18
        CONST            000004-000007                4
                         00000E-000017                A
                         0006EC-007FFF             7914
        EEDATA           F00000-F000FF              100
        MEDIUMCONST      0006EC-007FFF             7914
        RAM              00008E-0005FF              100
        SFR              000D00-000FFF              100
        SMALLCONST       0006EC-007FFF              100
        STACK            00008E-0005FF              572

                                  Symbol Table

?___aldiv                 cstackCOMRAM 000013
?___altoft                cstackCOMRAM 000021
?___awdiv                 cstackCOMRAM 000013
?___awmod                 cstackCOMRAM 000013
?___ftpack                cstackCOMRAM 000013
_ADCON1                   (abs)        000FC1
_CODIFICA                 dataBANK0    000077
_GIEH                     (abs)        007F97
_GIEL                     (abs)        007F96
_INT1IE                   (abs)        007F83
_INT1IF                   (abs)        007F80
_INT1IP                   (abs)        007F86
_INTEDG1                  (abs)        007F8D
_IPEN                     (abs)        007E87
_LATA                     (abs)        000F89
_LATA2                    (abs)        007C4A
_LATC0                    (abs)        007C58
_LATC1                    (abs)        007C59
_LATC2                    (abs)        007C5A
_LATC3                    (abs)        007C5B
_OSCCON                   (abs)        000FD3
_PEIE                     (abs)        007F96
_T0CON                    (abs)        000FD5
_T1CON                    (abs)        000FCD
_T2CON                    (abs)        000FCA
_T3CON                    (abs)        000FB1
_TMR0H                    (abs)        000FD7
_TMR0L                    (abs)        000FD6
_TMR0ON                   (abs)        007EAF
_TMR1H                    (abs)        000FCF
_TMR1IE                   (abs)        007CE8
_TMR1IF                   (abs)        007CF0
_TMR1IP                   (abs)        007CF8
_TMR1L                    (abs)        000FCE
_TMR2                     (abs)        000FCC
_TMR2IE                   (abs)        007CE9
_TMR2IF                   (abs)        007CF1
_TMR2IP                   (abs)        007CF9
_TMR2ON                   (abs)        007E52
_TMR3H                    (abs)        000FB3
_TMR3IE                   (abs)        007D01
_TMR3IF                   (abs)        007D09
_TMR3IP                   (abs)        007D11
_TMR3L                    (abs)        000FB2
_TRISA                    (abs)        000F92
_TRISB                    (abs)        000F93
_TRISC                    (abs)        000F94
_Ttx                      bssCOMRAM    000033
__CFG_BOREN$OFF           (abs)        000000
__CFG_DEBUG$ON            (abs)        000000
__CFG_LVP$OFF             (abs)        000000
__CFG_MCLRE$ON            (abs)        000000
__CFG_OSC$IRCIO67         (abs)        000000
__CFG_PBADEN$OFF          (abs)        000000
__CFG_PWRT$ON             (abs)        000000
__CFG_STVREN$ON           (abs)        000000
__CFG_WDT$OFF             (abs)        000000
__HRAM                    (abs)        000000
__Habs1                   abs1         000000
__Hbank0                  bank0        000000
__Hbank1                  bank1        000000
__Hbank2                  bank2        000000
__Hbank3                  bank3        000000
__Hbank4                  bank4        000000
__Hbank5                  bank5        000000
__Hbigbss                 bigbss       000000
__Hbigdata                bigdata      000000
__Hbigram                 bigram       000000
__Hbss                    bss          000000
__HbssCOMRAM              bssCOMRAM    000000
__Hcinit                  cinit        000000
__Hclrtext                clrtext      000000
__Hcomram                 comram       000000
__Hconfig                 config       30000E
__Hconst                  const        000000
__HcstackBANK0            cstackBANK0  000000
__HcstackCOMRAM           cstackCOMRAM 000000
__Hdata                   data         000000
__HdataBANK0              dataBANK0    000000
__Heeprom_data            eeprom_data  000000
__Hfarbss                 farbss       000000
__Hfardata                fardata      000000
__Hibigdata               ibigdata     000000
__Hidata                  idata        000000
__HidataBANK0             idataBANK0   000000
__Hidloc                  idloc        200008
__Hifardata               ifardata     000000
__Hinit                   init         00019A
__Hintcode                intcode      00000E
__Hintcode_body           intcode_body 000000
__Hintcodelo              intcodelo    000196
__Hintentry               intentry     000000
__Hintret                 intret       000000
__Hintsave_regs           intsave_regs 000000
__Hirdata                 irdata       000000
__Hmediumconst            mediumconst  000000
__HnvBANK0                nvBANK0      000000
__HnvFARRAM               nvFARRAM     000000
__Hnvbit                  nvbit        000000
__Hnvrram                 nvrram       000000
__Hparam                  rparam       000000
__Hpowerup                powerup      000196
__Hram                    ram          000000
__Hramtop                 ramtop       000600
__Hrbit                   rbit         000000
__Hrbss                   rbss         000000
__Hrdata                  rdata        000000
__Hreset_vec              reset_vec    000004
__Hrparam                 rparam       000000
__Hsfr                    sfr          000000
__Hsmallconst             smallconst   000000
__Hspace_0                (abs)        30000E
__Hspace_1                (abs)        00008E
__Hspace_2                (abs)        000000
__Hstack                  stack        000000
__Hstruct                 struct       000000
__Htemp                   temp         000048
__Htext                   text         000000
__Htext0                  text0        000000
__Htext2                  text2        000000
__Htext3                  text3        000000
__Htext4                  text4        000000
__Htext5                  text5        000000
__Htext6                  text6        000000
__Htext7                  text7        000000
__Htext8                  text8        000000
__LRAM                    (abs)        000001
__Labs1                   abs1         000000
__Lbank0                  bank0        000000
__Lbank1                  bank1        000000
__Lbank2                  bank2        000000
__Lbank3                  bank3        000000
__Lbank4                  bank4        000000
__Lbank5                  bank5        000000
__Lbigbss                 bigbss       000000
__Lbigdata                bigdata      000000
__Lbigram                 bigram       000000
__Lbss                    bss          000000
__LbssCOMRAM              bssCOMRAM    000000
__Lcinit                  cinit        000000
__Lclrtext                clrtext      000000
__Lcomram                 comram       000000
__Lconfig                 config       300000
__Lconst                  const        000000
__LcstackBANK0            cstackBANK0  000000
__LcstackCOMRAM           cstackCOMRAM 000000
__Ldata                   data         000000
__LdataBANK0              dataBANK0    000000
__Leeprom_data            eeprom_data  000000
__Lfarbss                 farbss       000000
__Lfardata                fardata      000000
__Libigdata               ibigdata     000000
__Lidata                  idata        000000
__LidataBANK0             idataBANK0   000000
__Lidloc                  idloc        200000
__Lifardata               ifardata     000000
__Linit                   init         000196
__Lintcode                intcode      000008
__Lintcode_body           intcode_body 000000
__Lintcodelo              intcodelo    000018
__Lintentry               intentry     000000
__Lintret                 intret       000000
__Lintsave_regs           intsave_regs 000000
__Lirdata                 irdata       000000
__Lmediumconst            mediumconst  000000
__LnvBANK0                nvBANK0      000000
__LnvFARRAM               nvFARRAM     000000
__Lnvbit                  nvbit        000000
__Lnvrram                 nvrram       000000
__Lparam                  rparam       000000
__Lpowerup                powerup      000196
__Lram                    ram          000000
__Lramtop                 ramtop       000600
__Lrbit                   rbit         000000
__Lrbss                   rbss         000000
__Lrdata                  rdata        000000
__Lreset_vec              reset_vec    000000
__Lrparam                 rparam       000000
__Lsfr                    sfr          000000
__Lsmallconst             smallconst   000000
__Lspace_0                (abs)        000000
__Lspace_1                (abs)        000000
__Lspace_2                (abs)        000000
__Lstack                  stack        000000
__Lstruct                 struct       000000
__Ltemp                   temp         000047
__Ltext                   text         000000
__Ltext0                  text0        000000
__Ltext2                  text2        000000
__Ltext3                  text3        000000
__Ltext4                  text4        000000
__Ltext5                  text5        000000
__Ltext6                  text6        000000
__Ltext7                  text7        000000
__Ltext8                  text8        000000
__S0                      (abs)        30000E
__S1                      (abs)        00008E
__S2                      (abs)        000000
___aldiv                  text8        00019A
___aldiv@counter          cstackCOMRAM 00001B
___aldiv@dividend         cstackCOMRAM 000013
___aldiv@divisor          cstackCOMRAM 000017
___aldiv@quotient         cstackCOMRAM 00001D
___aldiv@sign             cstackCOMRAM 00001C
___altoft                 text6        0004DA
___altoft@c               cstackCOMRAM 000021
___altoft@exp             cstackCOMRAM 000029
___altoft@sign            cstackCOMRAM 00002A
___awdiv                  text5        000456
___awdiv@counter          cstackCOMRAM 000017
___awdiv@dividend         cstackCOMRAM 000013
___awdiv@divisor          cstackCOMRAM 000015
___awdiv@quotient         cstackCOMRAM 000019
___awdiv@sign             cstackCOMRAM 000018
___awmod                  text4        0005C4
___awmod@counter          cstackCOMRAM 000017
___awmod@dividend         cstackCOMRAM 000013
___awmod@divisor          cstackCOMRAM 000015
___awmod@sign             cstackCOMRAM 000018
___ftpack                 text7        000266
___ftpack@arg             cstackCOMRAM 000013
___ftpack@exp             cstackCOMRAM 000016
___ftpack@sign            cstackCOMRAM 000017
___inthi_sp               stack        000000
___intlo_sp               stack        000000
___param_bank             (abs)        000000
___rparam_used            (abs)        000001
___sp                     stack        000000
__accesstop               (abs)        000060
__activetblptr            (abs)        000002
__end_of___aldiv          text8        000266
__end_of___altoft         text6        000552
__end_of___awdiv          text5        0004DA
__end_of___awmod          text4        000634
__end_of___ftpack         text7        000314
__end_of__initialization  cinit        0006CA
__end_of_irs1             intcode_body 0003BE
__end_of_irs2             intcodelo    000196
__end_of_main             text0        00069E
__end_of_valori_display   text3        0005C4
__end_of_visualizzazione  text2        000456
__initialization          cinit        00069E
__mediumconst             mediumconst  000000
__pbssCOMRAM              bssCOMRAM    00002B
__pcinit                  cinit        00069E
__pcstackBANK0            cstackBANK0  000060
__pcstackCOMRAM           cstackCOMRAM 000001
__pdataBANK0              dataBANK0    000077
__pidataBANK0             idataBANK0   0006D8
__pintcode                intcode      000008
__pintcode_body           intcode_body 000314
__pintcodelo              intcodelo    000018
__pnvBANK0                nvBANK0      00008B
__ptext0                  text0        000634
__ptext2                  text2        0003BE
__ptext3                  text3        000552
__ptext4                  text4        0005C4
__ptext5                  text5        000456
__ptext6                  text6        0004DA
__ptext7                  text7        000266
__ptext8                  text8        00019A
__ramtop                  ramtop       000600
__size_of___aldiv         (abs)        000000
__size_of___altoft        (abs)        000000
__size_of___awdiv         (abs)        000000
__size_of___awmod         (abs)        000000
__size_of___ftpack        (abs)        000000
__size_of_irs1            (abs)        000000
__size_of_irs2            (abs)        000000
__size_of_main            (abs)        000000
__size_of_valori_display  (abs)        000000
__size_of_visualizzazione (abs)        000000
__smallconst              smallconst   000000
_centinaiaV               bssCOMRAM    00003D
_decineV                  bssCOMRAM    00003B
_distanza_in_centimetri   bssCOMRAM    000043
_distanza_in_metri        bssCOMRAM    00002E
_i                        bssCOMRAM    000035
_irs1                     intcode      000008
_irs2                     intcodelo    000018
_main                     text0        000634
_numero_overflow          bssCOMRAM    000045
_resto_divisione          bssCOMRAM    000037
_stato_display            bssCOMRAM    00003F
_tempo                    bssCOMRAM    00002B
_unitaV                   bssCOMRAM    000039
_valore_TMR0L             bssCOMRAM    000031
_valore_partenza          bssCOMRAM    000041
_valori_display           text3        000552
_velocita                 nvBANK0      00008B
_visualizzazione          text2        0003BE
btemp                     temp         000047
end_of_initialization     cinit        0006CA
int$flags                 temp         000047
int_func                  intcode_body 000314
intlevel0                 text         000000
intlevel1                 text         000000
intlevel2                 text         000000
intlevel3                 text         000000
stackhi                   (abs)        0005FF
stacklo                   (abs)        00008E
start                     init         000196
start_initialization      cinit        00069E
wtemp6                    temp         000048


FUNCTION INFORMATION:

 *************** function _main *****************
 Defined at:
		line 151 in file "Drone del Nido.c"
 Parameters:    Size  Location     Type
		None
 Auto vars:     Size  Location     Type
		None
 Return value:  Size  Location     Type
                  1    wreg      void 
 Registers used:
		wreg, status,2
 Tracked objects:
		On entry : 
		On exit  : 
		Unchanged: 
 Data sizes:     COMRAM   BANK0   BANK1   BANK2   BANK3   BANK4   BANK5
      Params:         0       0       0       0       0       0       0
      Locals:         0       0       0       0       0       0       0
      Temps:          0       0       0       0       0       0       0
      Totals:         0       0       0       0       0       0       0
Total ram usage:        0 bytes
 Hardware stack levels required when called:    4
 This function calls:
		Nothing
 This function is called by:
		Startup code after reset
 This function uses a non-reentrant model


 *************** function _irs2 *****************
 Defined at:
		line 110 in file "Drone del Nido.c"
 Parameters:    Size  Location     Type
		None
 Auto vars:     Size  Location     Type
		None
 Return value:  Size  Location     Type
                  1    wreg      void 
 Registers used:
		wreg, fsr2l, fsr2h, status,2, status,0, cstack
 Tracked objects:
		On entry : 
		On exit  : 
		Unchanged: 
 Data sizes:     COMRAM   BANK0   BANK1   BANK2   BANK3   BANK4   BANK5
      Params:         0       0       0       0       0       0       0
      Locals:         0       0       0       0       0       0       0
      Temps:          0      23       0       0       0       0       0
      Totals:         0      23       0       0       0       0       0
Total ram usage:       23 bytes
 Hardware stack levels used:    1
 Hardware stack levels required when called:    3
 This function calls:
		___aldiv
		___altoft
		___awdiv
		_valori_display
		_visualizzazione
 This function is called by:
		Interrupt level 1
 This function uses a non-reentrant model


 *************** function _visualizzazione *****************
 Defined at:
		line 49 in file "Drone del Nido.c"
 Parameters:    Size  Location     Type
		None
 Auto vars:     Size  Location     Type
		None
 Return value:  Size  Location     Type
                  1    wreg      void 
 Registers used:
		wreg, fsr2l, fsr2h, status,2, status,0
 Tracked objects:
		On entry : 
		On exit  : 
		Unchanged: 
 Data sizes:     COMRAM   BANK0   BANK1   BANK2   BANK3   BANK4   BANK5
      Params:         0       0       0       0       0       0       0
      Locals:         0       0       0       0       0       0       0
      Temps:          2       0       0       0       0       0       0
      Totals:         2       0       0       0       0       0       0
Total ram usage:        2 bytes
 Hardware stack levels used:    1
 Hardware stack levels required when called:    1
 This function calls:
		Nothing
 This function is called by:
		_irs2
 This function uses a non-reentrant model


 *************** function _valori_display *****************
 Defined at:
		line 80 in file "Drone del Nido.c"
 Parameters:    Size  Location     Type
		None
 Auto vars:     Size  Location     Type
		None
 Return value:  Size  Location     Type
                  1    wreg      void 
 Registers used:
		wreg, status,2, status,0, cstack
 Tracked objects:
		On entry : 
		On exit  : 
		Unchanged: 
 Data sizes:     COMRAM   BANK0   BANK1   BANK2   BANK3   BANK4   BANK5
      Params:         0       0       0       0       0       0       0
      Locals:         0       0       0       0       0       0       0
      Temps:          0       0       0       0       0       0       0
      Totals:         0       0       0       0       0       0       0
Total ram usage:        0 bytes
 Hardware stack levels used:    1
 Hardware stack levels required when called:    2
 This function calls:
		___awdiv
		___awmod
 This function is called by:
		_irs2
 This function uses a non-reentrant model


 *************** function ___awmod *****************
 Defined at:
		line 8 in file "C:\Program Files (x86)\Microchip\xc8\v1.45\sources\common\awmod.c"
 Parameters:    Size  Location     Type
  dividend        2   18[COMRAM] int 
  divisor         2   20[COMRAM] int 
 Auto vars:     Size  Location     Type
  sign            1   23[COMRAM] unsigned char 
  counter         1   22[COMRAM] unsigned char 
 Return value:  Size  Location     Type
                  2   18[COMRAM] int 
 Registers used:
		wreg, status,2, status,0
 Tracked objects:
		On entry : 
		On exit  : 
		Unchanged: 
 Data sizes:     COMRAM   BANK0   BANK1   BANK2   BANK3   BANK4   BANK5
      Params:         4       0       0       0       0       0       0
      Locals:         2       0       0       0       0       0       0
      Temps:          0       0       0       0       0       0       0
      Totals:         6       0       0       0       0       0       0
Total ram usage:        6 bytes
 Hardware stack levels used:    1
 Hardware stack levels required when called:    1
 This function calls:
		Nothing
 This function is called by:
		_valori_display
 This function uses a non-reentrant model


 *************** function ___awdiv *****************
 Defined at:
		line 8 in file "C:\Program Files (x86)\Microchip\xc8\v1.45\sources\common\awdiv.c"
 Parameters:    Size  Location     Type
  dividend        2   18[COMRAM] int 
  divisor         2   20[COMRAM] int 
 Auto vars:     Size  Location     Type
  quotient        2   24[COMRAM] int 
  sign            1   23[COMRAM] unsigned char 
  counter         1   22[COMRAM] unsigned char 
 Return value:  Size  Location     Type
                  2   18[COMRAM] int 
 Registers used:
		wreg, status,2, status,0
 Tracked objects:
		On entry : 
		On exit  : 
		Unchanged: 
 Data sizes:     COMRAM   BANK0   BANK1   BANK2   BANK3   BANK4   BANK5
      Params:         4       0       0       0       0       0       0
      Locals:         4       0       0       0       0       0       0
      Temps:          0       0       0       0       0       0       0
      Totals:         8       0       0       0       0       0       0
Total ram usage:        8 bytes
 Hardware stack levels used:    1
 Hardware stack levels required when called:    1
 This function calls:
		Nothing
 This function is called by:
		_valori_display
		_irs2
 This function uses a non-reentrant model


 *************** function ___altoft *****************
 Defined at:
		line 42 in file "C:\Program Files (x86)\Microchip\xc8\v1.45\sources\common\altoft.c"
 Parameters:    Size  Location     Type
  c               4   32[COMRAM] long 
 Auto vars:     Size  Location     Type
  sign            1   41[COMRAM] unsigned char 
  exp             1   40[COMRAM] unsigned char 
 Return value:  Size  Location     Type
                  3   32[COMRAM] float 
 Registers used:
		wreg, status,2, status,0, cstack
 Tracked objects:
		On entry : 
		On exit  : 
		Unchanged: 
 Data sizes:     COMRAM   BANK0   BANK1   BANK2   BANK3   BANK4   BANK5
      Params:         4       0       0       0       0       0       0
      Locals:         2       0       0       0       0       0       0
      Temps:          4       0       0       0       0       0       0
      Totals:        10       0       0       0       0       0       0
Total ram usage:       10 bytes
 Hardware stack levels used:    1
 Hardware stack levels required when called:    2
 This function calls:
		___ftpack
 This function is called by:
		_irs2
 This function uses a non-reentrant model


 *************** function ___ftpack *****************
 Defined at:
		line 62 in file "C:\Program Files (x86)\Microchip\xc8\v1.45\sources\common\float.c"
 Parameters:    Size  Location     Type
  arg             3   18[COMRAM] unsigned um
  exp             1   21[COMRAM] unsigned char 
  sign            1   22[COMRAM] unsigned char 
 Auto vars:     Size  Location     Type
		None
 Return value:  Size  Location     Type
                  3   18[COMRAM] float 
 Registers used:
		wreg, status,2, status,0
 Tracked objects:
		On entry : 
		On exit  : 
		Unchanged: 
 Data sizes:     COMRAM   BANK0   BANK1   BANK2   BANK3   BANK4   BANK5
      Params:         5       0       0       0       0       0       0
      Locals:         0       0       0       0       0       0       0
      Temps:          3       0       0       0       0       0       0
      Totals:         8       0       0       0       0       0       0
Total ram usage:        8 bytes
 Hardware stack levels used:    1
 Hardware stack levels required when called:    1
 This function calls:
		Nothing
 This function is called by:
		___altoft
 This function uses a non-reentrant model


 *************** function ___aldiv *****************
 Defined at:
		line 8 in file "C:\Program Files (x86)\Microchip\xc8\v1.45\sources\common\aldiv.c"
 Parameters:    Size  Location     Type
  dividend        4   18[COMRAM] long 
  divisor         4   22[COMRAM] long 
 Auto vars:     Size  Location     Type
  quotient        4   28[COMRAM] long 
  sign            1   27[COMRAM] unsigned char 
  counter         1   26[COMRAM] unsigned char 
 Return value:  Size  Location     Type
                  4   18[COMRAM] long 
 Registers used:
		wreg, status,2, status,0
 Tracked objects:
		On entry : 
		On exit  : 
		Unchanged: 
 Data sizes:     COMRAM   BANK0   BANK1   BANK2   BANK3   BANK4   BANK5
      Params:         8       0       0       0       0       0       0
      Locals:         6       0       0       0       0       0       0
      Temps:          0       0       0       0       0       0       0
      Totals:        14       0       0       0       0       0       0
Total ram usage:       14 bytes
 Hardware stack levels used:    1
 Hardware stack levels required when called:    1
 This function calls:
		Nothing
 This function is called by:
		_irs2
 This function uses a non-reentrant model


 *************** function _irs1 *****************
 Defined at:
		line 89 in file "Drone del Nido.c"
 Parameters:    Size  Location     Type
		None
 Auto vars:     Size  Location     Type
		None
 Return value:  Size  Location     Type
                  1    wreg      void 
 Registers used:
		wreg, status,2
 Tracked objects:
		On entry : 
		On exit  : 
		Unchanged: 
 Data sizes:     COMRAM   BANK0   BANK1   BANK2   BANK3   BANK4   BANK5
      Params:         0       0       0       0       0       0       0
      Locals:         0       0       0       0       0       0       0
      Temps:         18       0       0       0       0       0       0
      Totals:        18       0       0       0       0       0       0
Total ram usage:       18 bytes
 Hardware stack levels used:    1
 This function calls:
		Nothing
 This function is called by:
		Interrupt level 2
 This function uses a non-reentrant model



MODULE INFORMATION

Module		Function		Class		Link	Load	Size
C:\Program Files (x86)\Microchip\xc8\v1.45\sources\common\float.c
		___ftpack      		CODE           	0266	0000	175

C:\Program Files (x86)\Microchip\xc8\v1.45\sources\common\float.c estimated size: 175

C:\Program Files (x86)\Microchip\xc8\v1.45\sources\common\awmod.c
		___awmod       		CODE           	05C4	0000	113

C:\Program Files (x86)\Microchip\xc8\v1.45\sources\common\awmod.c estimated size: 113

shared
		__initialization		CODE           	069E	0000	45

shared estimated size: 45

Drone del Nido.c
		_visualizzazione		CODE           	03BE	0000	153
		_main          		CODE           	0634	0000	107
		_irs1          		CODE           	0008	0000	177
		_irs2          		CODE           	0018	0000	383
		_valori_display		CODE           	0552	0000	115

Drone del Nido.c estimated size: 935

C:\Program Files (x86)\Microchip\xc8\v1.45\sources\common\awdiv.c
		___awdiv       		CODE           	0456	0000	133

C:\Program Files (x86)\Microchip\xc8\v1.45\sources\common\awdiv.c estimated size: 133

C:\Program Files (x86)\Microchip\xc8\v1.45\sources\common\aldiv.c
		___aldiv       		CODE           	019A	0000	205

C:\Program Files (x86)\Microchip\xc8\v1.45\sources\common\aldiv.c estimated size: 205

C:\Program Files (x86)\Microchip\xc8\v1.45\sources\common\altoft.c
		___altoft      		CODE           	04DA	0000	121

C:\Program Files (x86)\Microchip\xc8\v1.45\sources\common\altoft.c estimated size: 121

